10:03:20 **** Incremental Build of configuration Debug for project assembler ****
Info: Internal Builder is used for build
g++ -O0 -g3 -Wall -c -fmessage-length=0 -o main.o "..\\main.cpp" 
g++ -o assembler.exe main.o 
Info: Nothing to build for assembler
Info: Nothing to build for assembler
Info: Nothing to build for assembler
10:06:02 **** Incremental Build of configuration Debug for project assembler ****
Info: Internal Builder is used for build
g++ -O0 -g3 -Wall -c -fmessage-length=0 -o main.o "..\\main.cpp" 
..\main.cpp: In function 'int main()':
..\main.cpp:10:34: error: invalid conversion from 'char' to 'const char*' [-fpermissive]
   10 |         fptr = fopen("code.txt", 'r');
      |                                  ^~~
      |                                  |
      |                                  char
In file included from ..\main.cpp:2:
c:\mingw\x86_64-w64-mingw32\include\stdio.h:632:85: note:   initializing argument 2 of 'FILE* fopen(const char*, const char*)'
  632 |   FILE *__cdecl fopen(const char * __restrict__ _Filename,const char * __restrict__ _Mode) __MINGW_ATTRIB_DEPRECATED_SEC_WARN;
      |                                                           ~~~~~~~~~~~~~~~~~~~~~~~~~~^~~~~
10:06:18 **** Incremental Build of configuration Debug for project assembler ****
Info: Internal Builder is used for build
g++ -O0 -g3 -Wall -c -fmessage-length=0 -o main.o "..\\main.cpp" 
g++ -o assembler.exe main.o 
11:01:52 **** Incremental Build of configuration Debug for project assembler ****
Info: Internal Builder is used for build
g++ -O0 -g3 -Wall -c -fmessage-length=0 -o main.o "..\\main.cpp" 
In file included from ..\main.cpp:2:
..\main.h:19:19: error: 'string' has not been declared
   19 |         void Init(string nameIn, uint8_t valIn) {
      |                   ^~~~~~
..\main.h:40:9: error: 'string' does not name a type; did you mean 'stdin'?
   40 |         string name;
      |         ^~~~~~
      |         stdin
..\main.h: In member function 'uint8_t Cmd::CmpCmd(char*)':
..\main.h:27:47: error: 'name' was not declared in this scope; did you mean 'tzname'?
   27 |                 cmdFound = CmpString(newLine, name, CMDLENGTH);
      |                                               ^~~~
      |                                               tzname
11:02:48 **** Incremental Build of configuration Debug for project assembler ****
Info: Internal Builder is used for build
g++ -O0 -g3 -Wall -c -fmessage-length=0 -o main.o "..\\main.cpp" 
In file included from ..\main.cpp:2:
..\main.h: In member function 'uint8_t Cmd::CmpCmd(char*)':
..\main.h:29:47: error: cannot convert 'std::string' {aka 'std::__cxx11::basic_string<char>'} to 'char*'
   29 |                 cmdFound = CmpString(newLine, name, CMDLENGTH);
      |                                               ^~~~
      |                                               |
      |                                               std::string {aka std::__cxx11::basic_string<char>}
..\main.h:45:48: note:   initializing argument 2 of 'uint8_t Cmd::CmpString(char*, char*, uint8_t)'
   45 |         uint8_t CmpString(char* string1, char* string2, uint8_t length) {
      |                                          ~~~~~~^~~~~~~
