2026-01-08 09:59:21,695 [INFO] Activator:177 - 


2026-01-08 09:59:21,710 [INFO] Activator:178 - !SESSION log4j initialized
2026-01-08 09:59:50,294 [INFO] Activator:177 - 


2026-01-08 09:59:50,295 [INFO] Activator:178 - !SESSION log4j initialized
2026-01-08 10:00:14,027 [ERROR] LogOutputStream:74 - [STDERR_REDIRECT] SLF4J: Failed to load class "org.slf4j.impl.StaticLoggerBinder".
2026-01-08 10:00:14,028 [ERROR] LogOutputStream:74 - [STDERR_REDIRECT] SLF4J: Defaulting to no-operation (NOP) logger implementation
2026-01-08 10:00:14,029 [ERROR] LogOutputStream:74 - [STDERR_REDIRECT] SLF4J: See http://www.slf4j.org/codes.html#StaticLoggerBinder for further details.
2026-01-22 08:37:53,266 [INFO] Activator:177 - 


2026-01-22 08:37:53,268 [INFO] Activator:178 - !SESSION log4j initialized
2026-01-22 08:38:23,642 [ERROR] LogOutputStream:74 - [STDERR_REDIRECT] SLF4J: Failed to load class "org.slf4j.impl.StaticLoggerBinder".
2026-01-22 08:38:23,646 [ERROR] LogOutputStream:74 - [STDERR_REDIRECT] SLF4J: Defaulting to no-operation (NOP) logger implementation
2026-01-22 08:38:23,648 [ERROR] LogOutputStream:74 - [STDERR_REDIRECT] SLF4J: See http://www.slf4j.org/codes.html#StaticLoggerBinder for further details.
2026-02-12 10:24:52,537 [INFO] Activator:177 - 


2026-02-12 10:24:52,539 [INFO] Activator:178 - !SESSION log4j initialized
2026-02-12 10:25:21,381 [ERROR] LogOutputStream:74 - [STDERR_REDIRECT] SLF4J: Failed to load class "org.slf4j.impl.StaticLoggerBinder".
2026-02-12 10:25:21,382 [ERROR] LogOutputStream:74 - [STDERR_REDIRECT] SLF4J: Defaulting to no-operation (NOP) logger implementation
2026-02-12 10:25:21,386 [ERROR] LogOutputStream:74 - [STDERR_REDIRECT] SLF4J: See http://www.slf4j.org/codes.html#StaticLoggerBinder for further details.
2026-02-12 10:39:19,071 [INFO] Activator:177 - 


2026-02-12 10:39:19,073 [INFO] Activator:178 - !SESSION log4j initialized
2026-02-12 10:39:47,717 [ERROR] LogOutputStream:74 - [STDERR_REDIRECT] SLF4J: Failed to load class "org.slf4j.impl.StaticLoggerBinder".
2026-02-12 10:39:47,719 [ERROR] LogOutputStream:74 - [STDERR_REDIRECT] SLF4J: Defaulting to no-operation (NOP) logger implementation
2026-02-12 10:39:47,722 [ERROR] LogOutputStream:74 - [STDERR_REDIRECT] SLF4J: See http://www.slf4j.org/codes.html#StaticLoggerBinder for further details.
